// Jest Snapshot v1, https://goo.gl/fbAQLP

exports[`should match snapshot 1`] = `
<div
  className="sc-bdVaJa eAwGjB"
>
  <h1>
    Home
  </h1>
</div>
`;
